// Jest Snapshot v1, https://goo.gl/fbAQLP

exports[`Bagger compiler An empty definition should compile 1`] = `
Object {
  "components": undefined,
  "info": Object {
    "description": "Provides resources related to building swagger definitions",
    "title": "Bagger API",
    "version": "v1",
  },
  "openapi": "3.0",
  "paths": Object {},
}
`;
