// Jest Snapshot v1, https://goo.gl/fbAQLP

exports[`Swagger Response Responses could have contents that have a specified type 1`] = `
{
  "200": {
    "content": {
      "application/json": {
        "schema": {
          "example": "foo",
          "type": "string",
        },
      },
    },
  },
}
`;

exports[`Swagger Response Simple response can be compiled 1`] = `
{
  "200": {
    "description": "Successfully fetched request",
  },
}
`;
